// Jest Snapshot v1, https://goo.gl/fbAQLP

exports[`<Main /> should render the heading 1`] = `
.c0 {
  background-color: #0d1117;
  color: #fff;
  width: 100%;
  height: 100%;
  padding: 3rem;
  text-align: center;
  display: -webkit-box;
  display: -webkit-flex;
  display: -ms-flexbox;
  display: flex;
  -webkit-flex-direction: column;
  -ms-flex-direction: column;
  flex-direction: column;
  -webkit-align-items: center;
  -webkit-box-align: center;
  -ms-flex-align: center;
  align-items: center;
  -webkit-box-pack: center;
  -webkit-justify-content: center;
  -ms-flex-pack: center;
  justify-content: center;
}

.c1 {
  color: #fff;
  font-size: 2.5rem;
  -webkit-text-decoration: none;
  text-decoration: none;
}

.c1:hover {
  -webkit-text-decoration: underline;
  text-decoration: underline;
}

.c2 {
  font-size: 2rem;
  font-weight: 400;
}

.c3 {
  margin-top: 3rem;
  width: min(30rem,100%);
}

.c4 {
  color: #e4e4e4;
  -webkit-text-decoration: none;
  text-decoration: none;
  margin-top: 3rem;
  font-size: 1.75rem;
  font-weight: 350;
}

.c5 {
  color: #3cd3c1;
  -webkit-text-decoration: none;
  text-decoration: none;
}

.c5:hover {
  -webkit-text-decoration: underline;
  text-decoration: underline;
}

<main
  class="c0"
>
  <a
    class="c1"
    href="https://github.com/ianlibanio/boilerplate/"
  >
    <h1>
      Next.JS Boilerplate
    </h1>
  </a>
  <h2
    class="c2"
  >
    A boilerplate using TypeScript, ReactJS, NextJS and Styled Components
  </h2>
  <img
    alt="A developer facing a screen with codes"
    class="c3"
    src="/img/hero-illustration.svg"
  />
  <h2
    class="c4"
  >
    This template was built together with
     
    <a
      class="c5"
      href="https://reactavancado.com.br/"
    >
      React Avan√ßado
    </a>
     
    course.
  </h2>
</main>
`
